// Jest Snapshot v1, https://goo.gl/fbAQLP

exports[`SelectedMode Component matches snapshot 1`] = `
<View
  style={
    {
      "alignItems": "center",
      "backgroundColor": "#F5F5F5",
      "flex": 1,
      "justifyContent": "center",
      "padding": 20,
    }
  }
>
  <Text
    style={
      {
        "fontSize": 28,
        "fontWeight": "700",
        "marginBottom": 40,
      }
    }
  >
    Select Game Mode
  </Text>
  <View
    accessibilityState={
      {
        "busy": undefined,
        "checked": undefined,
        "disabled": undefined,
        "expanded": undefined,
        "selected": undefined,
      }
    }
    accessibilityValue={
      {
        "max": undefined,
        "min": undefined,
        "now": undefined,
        "text": undefined,
      }
    }
    accessible={true}
    collapsable={false}
    focusable={true}
    onClick={[Function]}
    onResponderGrant={[Function]}
    onResponderMove={[Function]}
    onResponderRelease={[Function]}
    onResponderTerminate={[Function]}
    onResponderTerminationRequest={[Function]}
    onStartShouldSetResponder={[Function]}
    style={
      {
        "alignItems": "center",
        "backgroundColor": "#3949AB",
        "borderRadius": 12,
        "marginVertical": 10,
        "opacity": 1,
        "padding": 20,
        "width": "90%",
      }
    }
  >
    <Text
      style={
        {
          "color": "#FFF",
          "fontSize": 18,
          "fontWeight": "600",
        }
      }
    >
      Solo
    </Text>
  </View>
  <View
    accessibilityState={
      {
        "busy": undefined,
        "checked": undefined,
        "disabled": undefined,
        "expanded": undefined,
        "selected": undefined,
      }
    }
    accessibilityValue={
      {
        "max": undefined,
        "min": undefined,
        "now": undefined,
        "text": undefined,
      }
    }
    accessible={true}
    collapsable={false}
    focusable={true}
    onClick={[Function]}
    onResponderGrant={[Function]}
    onResponderMove={[Function]}
    onResponderRelease={[Function]}
    onResponderTerminate={[Function]}
    onResponderTerminationRequest={[Function]}
    onStartShouldSetResponder={[Function]}
    style={
      {
        "alignItems": "center",
        "backgroundColor": "#3949AB",
        "borderRadius": 12,
        "marginVertical": 10,
        "opacity": 1,
        "padding": 20,
        "width": "90%",
      }
    }
  >
    <Text
      style={
        {
          "color": "#FFF",
          "fontSize": 18,
          "fontWeight": "600",
        }
      }
    >
      Groups
    </Text>
  </View>
  <View
    accessibilityState={
      {
        "busy": undefined,
        "checked": undefined,
        "disabled": undefined,
        "expanded": undefined,
        "selected": undefined,
      }
    }
    accessibilityValue={
      {
        "max": undefined,
        "min": undefined,
        "now": undefined,
        "text": undefined,
      }
    }
    accessible={true}
    collapsable={false}
    focusable={true}
    onClick={[Function]}
    onResponderGrant={[Function]}
    onResponderMove={[Function]}
    onResponderRelease={[Function]}
    onResponderTerminate={[Function]}
    onResponderTerminationRequest={[Function]}
    onStartShouldSetResponder={[Function]}
    style={
      {
        "alignItems": "center",
        "backgroundColor": "#3949AB",
        "borderRadius": 12,
        "marginVertical": 10,
        "opacity": 1,
        "padding": 20,
        "width": "90%",
      }
    }
  >
    <Text
      style={
        {
          "color": "#FFF",
          "fontSize": 18,
          "fontWeight": "600",
        }
      }
    >
      Legend
    </Text>
  </View>
</View>
`;
