// Jest Snapshot v1, https://goo.gl/fbAQLP

exports[`SignOut Screen matches snapshot 1`] = `
<View
  accessibilityState={
    {
      "busy": undefined,
      "checked": undefined,
      "disabled": undefined,
      "expanded": undefined,
      "selected": undefined,
    }
  }
  accessibilityValue={
    {
      "max": undefined,
      "min": undefined,
      "now": undefined,
      "text": undefined,
    }
  }
  accessible={true}
  collapsable={false}
  focusable={true}
  onClick={[Function]}
  onResponderGrant={[Function]}
  onResponderMove={[Function]}
  onResponderRelease={[Function]}
  onResponderTerminate={[Function]}
  onResponderTerminationRequest={[Function]}
  onStartShouldSetResponder={[Function]}
  style={
    {
      "alignItems": "center",
      "backgroundColor": "#3498db",
      "borderRadius": 15,
      "elevation": 5,
      "justifyContent": "center",
      "marginBottom": 20,
      "marginTop": 10,
      "opacity": 1,
      "padding": 20,
      "shadowColor": "#5C6BC0",
      "shadowOffset": {
        "height": 4,
        "width": 0,
      },
      "shadowOpacity": 0.4,
      "shadowRadius": 5,
      "width": "90%",
    }
  }
>
  <View
    style={
      {
        "alignItems": "center",
        "flexDirection": "row",
      }
    }
  >
    <FontAwesome
      color="#FFFFFF"
      name="sign-out"
      size={25}
      style={
        {
          "marginRight": 8,
          "opacity": 1,
        }
      }
    />
    <Text
      style={
        {
          "color": "#FFFFFF",
          "fontSize": 18,
          "fontWeight": "600",
        }
      }
    >
      Sign Out
    </Text>
  </View>
</View>
`;
