// Jest Snapshot v1, https://goo.gl/fbAQLP

exports[`renders correctly 1`] = `null`;
<<<<<<< HEAD


=======
>>>>>>> c02a28272bebd9f2bf4ce0d63ac1d30c31ece5d4
